------------------------------------------------------------
Timing Analyzer Summary
------------------------------------------------------------

Type  : Slow 1100mV 85C Model Setup 'clk_vga'
Slack : -8.943
TNS   : -219.725

Type  : Slow 1100mV 85C Model Setup 'System_PLL|altera_pll_i|general[0].gpll~PLL_OUTPUT_COUNTER|divclk'
Slack : -0.695
TNS   : -6.803

Type  : Slow 1100mV 85C Model Setup 'clk_dram'
Slack : 0.468
TNS   : 0.000

Type  : Slow 1100mV 85C Model Setup 'altera_reserved_tck'
Slack : 10.389
TNS   : 0.000

Type  : Slow 1100mV 85C Model Setup 'tv_27m'
Slack : 31.486
TNS   : 0.000

Type  : Slow 1100mV 85C Model Setup 'VGA_PLL|altera_pll_i|general[0].gpll~PLL_OUTPUT_COUNTER|divclk'
Slack : 35.194
TNS   : 0.000

Type  : Slow 1100mV 85C Model Hold 'System_PLL|altera_pll_i|general[0].gpll~PLL_OUTPUT_COUNTER|divclk'
Slack : -0.061
TNS   : -1.220

Type  : Slow 1100mV 85C Model Hold 'altera_reserved_tck'
Slack : 0.313
TNS   : 0.000

Type  : Slow 1100mV 85C Model Hold 'tv_27m'
Slack : 0.336
TNS   : 0.000

Type  : Slow 1100mV 85C Model Hold 'VGA_PLL|altera_pll_i|general[0].gpll~PLL_OUTPUT_COUNTER|divclk'
Slack : 0.375
TNS   : 0.000

Type  : Slow 1100mV 85C Model Hold 'clk_vga'
Slack : 4.421
TNS   : 0.000

Type  : Slow 1100mV 85C Model Hold 'clk_dram'
Slack : 4.423
TNS   : 0.000

Type  : Slow 1100mV 85C Model Recovery 'System_PLL|altera_pll_i|general[0].gpll~PLL_OUTPUT_COUNTER|divclk'
Slack : 1.601
TNS   : 0.000

Type  : Slow 1100mV 85C Model Recovery 'altera_reserved_tck'
Slack : 13.874
TNS   : 0.000

Type  : Slow 1100mV 85C Model Removal 'altera_reserved_tck'
Slack : 0.690
TNS   : 0.000

Type  : Slow 1100mV 85C Model Removal 'System_PLL|altera_pll_i|general[0].gpll~PLL_OUTPUT_COUNTER|divclk'
Slack : 1.016
TNS   : 0.000

Type  : Slow 1100mV 85C Model Minimum Pulse Width 'The_System|audio_subsystem|audio_pll|audio_pll|altera_pll_i|general[0].gpll~FRACTIONAL_PLL|vcoph[0]'
Slack : 0.689
TNS   : 0.000

Type  : Slow 1100mV 85C Model Minimum Pulse Width 'System_PLL|altera_pll_i|general[0].gpll~FRACTIONAL_PLL|vcoph[0]'
Slack : 1.000
TNS   : 0.000

Type  : Slow 1100mV 85C Model Minimum Pulse Width 'VGA_PLL|altera_pll_i|general[0].gpll~FRACTIONAL_PLL|vcoph[0]'
Slack : 1.666
TNS   : 0.000

Type  : Slow 1100mV 85C Model Minimum Pulse Width 'System_PLL|altera_pll_i|general[0].gpll~PLL_OUTPUT_COUNTER|divclk'
Slack : 3.759
TNS   : 0.000

Type  : Slow 1100mV 85C Model Minimum Pulse Width 'System_PLL|altera_pll_i|general[1].gpll~PLL_OUTPUT_COUNTER|divclk'
Slack : 4.840
TNS   : 0.000

Type  : Slow 1100mV 85C Model Minimum Pulse Width 'CLOCK2_50'
Slack : 9.670
TNS   : 0.000

Type  : Slow 1100mV 85C Model Minimum Pulse Width 'CLOCK3_50'
Slack : 9.670
TNS   : 0.000

Type  : Slow 1100mV 85C Model Minimum Pulse Width 'CLOCK_50'
Slack : 9.670
TNS   : 0.000

Type  : Slow 1100mV 85C Model Minimum Pulse Width 'altera_reserved_tck'
Slack : 15.454
TNS   : 0.000

Type  : Slow 1100mV 85C Model Minimum Pulse Width 'tv_27m'
Slack : 17.456
TNS   : 0.000

Type  : Slow 1100mV 85C Model Minimum Pulse Width 'VGA_PLL|altera_pll_i|general[0].gpll~PLL_OUTPUT_COUNTER|divclk'
Slack : 18.768
TNS   : 0.000

Type  : Slow 1100mV 0C Model Setup 'clk_vga'
Slack : -8.640
TNS   : -211.732

Type  : Slow 1100mV 0C Model Setup 'System_PLL|altera_pll_i|general[0].gpll~PLL_OUTPUT_COUNTER|divclk'
Slack : -0.689
TNS   : -4.484

Type  : Slow 1100mV 0C Model Setup 'clk_dram'
Slack : 0.711
TNS   : 0.000

Type  : Slow 1100mV 0C Model Setup 'altera_reserved_tck'
Slack : 10.549
TNS   : 0.000

Type  : Slow 1100mV 0C Model Setup 'tv_27m'
Slack : 31.938
TNS   : 0.000

Type  : Slow 1100mV 0C Model Setup 'VGA_PLL|altera_pll_i|general[0].gpll~PLL_OUTPUT_COUNTER|divclk'
Slack : 35.065
TNS   : 0.000

Type  : Slow 1100mV 0C Model Hold 'System_PLL|altera_pll_i|general[0].gpll~PLL_OUTPUT_COUNTER|divclk'
Slack : -0.214
TNS   : -3.492

Type  : Slow 1100mV 0C Model Hold 'altera_reserved_tck'
Slack : 0.280
TNS   : 0.000

Type  : Slow 1100mV 0C Model Hold 'tv_27m'
Slack : 0.310
TNS   : 0.000

Type  : Slow 1100mV 0C Model Hold 'VGA_PLL|altera_pll_i|general[0].gpll~PLL_OUTPUT_COUNTER|divclk'
Slack : 0.381
TNS   : 0.000

Type  : Slow 1100mV 0C Model Hold 'clk_vga'
Slack : 4.219
TNS   : 0.000

Type  : Slow 1100mV 0C Model Hold 'clk_dram'
Slack : 4.266
TNS   : 0.000

Type  : Slow 1100mV 0C Model Recovery 'System_PLL|altera_pll_i|general[0].gpll~PLL_OUTPUT_COUNTER|divclk'
Slack : 1.811
TNS   : 0.000

Type  : Slow 1100mV 0C Model Recovery 'altera_reserved_tck'
Slack : 14.034
TNS   : 0.000

Type  : Slow 1100mV 0C Model Removal 'altera_reserved_tck'
Slack : 0.644
TNS   : 0.000

Type  : Slow 1100mV 0C Model Removal 'System_PLL|altera_pll_i|general[0].gpll~PLL_OUTPUT_COUNTER|divclk'
Slack : 0.924
TNS   : 0.000

Type  : Slow 1100mV 0C Model Minimum Pulse Width 'The_System|audio_subsystem|audio_pll|audio_pll|altera_pll_i|general[0].gpll~FRACTIONAL_PLL|vcoph[0]'
Slack : 0.689
TNS   : 0.000

Type  : Slow 1100mV 0C Model Minimum Pulse Width 'System_PLL|altera_pll_i|general[0].gpll~FRACTIONAL_PLL|vcoph[0]'
Slack : 1.000
TNS   : 0.000

Type  : Slow 1100mV 0C Model Minimum Pulse Width 'VGA_PLL|altera_pll_i|general[0].gpll~FRACTIONAL_PLL|vcoph[0]'
Slack : 1.666
TNS   : 0.000

Type  : Slow 1100mV 0C Model Minimum Pulse Width 'System_PLL|altera_pll_i|general[0].gpll~PLL_OUTPUT_COUNTER|divclk'
Slack : 3.736
TNS   : 0.000

Type  : Slow 1100mV 0C Model Minimum Pulse Width 'System_PLL|altera_pll_i|general[1].gpll~PLL_OUTPUT_COUNTER|divclk'
Slack : 4.809
TNS   : 0.000

Type  : Slow 1100mV 0C Model Minimum Pulse Width 'CLOCK2_50'
Slack : 9.673
TNS   : 0.000

Type  : Slow 1100mV 0C Model Minimum Pulse Width 'CLOCK3_50'
Slack : 9.673
TNS   : 0.000

Type  : Slow 1100mV 0C Model Minimum Pulse Width 'CLOCK_50'
Slack : 9.673
TNS   : 0.000

Type  : Slow 1100mV 0C Model Minimum Pulse Width 'altera_reserved_tck'
Slack : 15.469
TNS   : 0.000

Type  : Slow 1100mV 0C Model Minimum Pulse Width 'tv_27m'
Slack : 17.490
TNS   : 0.000

Type  : Slow 1100mV 0C Model Minimum Pulse Width 'VGA_PLL|altera_pll_i|general[0].gpll~PLL_OUTPUT_COUNTER|divclk'
Slack : 18.747
TNS   : 0.000

Type  : Fast 1100mV 85C Model Setup 'clk_vga'
Slack : -5.499
TNS   : -135.125

Type  : Fast 1100mV 85C Model Setup 'System_PLL|altera_pll_i|general[0].gpll~PLL_OUTPUT_COUNTER|divclk'
Slack : 3.409
TNS   : 0.000

Type  : Fast 1100mV 85C Model Setup 'clk_dram'
Slack : 3.745
TNS   : 0.000

Type  : Fast 1100mV 85C Model Setup 'altera_reserved_tck'
Slack : 13.122
TNS   : 0.000

Type  : Fast 1100mV 85C Model Setup 'tv_27m'
Slack : 31.287
TNS   : 0.000

Type  : Fast 1100mV 85C Model Setup 'VGA_PLL|altera_pll_i|general[0].gpll~PLL_OUTPUT_COUNTER|divclk'
Slack : 37.251
TNS   : 0.000

Type  : Fast 1100mV 85C Model Hold 'System_PLL|altera_pll_i|general[0].gpll~PLL_OUTPUT_COUNTER|divclk'
Slack : -0.005
TNS   : -0.100

Type  : Fast 1100mV 85C Model Hold 'altera_reserved_tck'
Slack : 0.132
TNS   : 0.000

Type  : Fast 1100mV 85C Model Hold 'tv_27m'
Slack : 0.181
TNS   : 0.000

Type  : Fast 1100mV 85C Model Hold 'VGA_PLL|altera_pll_i|general[0].gpll~PLL_OUTPUT_COUNTER|divclk'
Slack : 0.182
TNS   : 0.000

Type  : Fast 1100mV 85C Model Hold 'clk_vga'
Slack : 2.120
TNS   : 0.000

Type  : Fast 1100mV 85C Model Hold 'clk_dram'
Slack : 2.431
TNS   : 0.000

Type  : Fast 1100mV 85C Model Recovery 'System_PLL|altera_pll_i|general[0].gpll~PLL_OUTPUT_COUNTER|divclk'
Slack : 5.195
TNS   : 0.000

Type  : Fast 1100mV 85C Model Recovery 'altera_reserved_tck'
Slack : 15.257
TNS   : 0.000

Type  : Fast 1100mV 85C Model Removal 'altera_reserved_tck'
Slack : 0.368
TNS   : 0.000

Type  : Fast 1100mV 85C Model Removal 'System_PLL|altera_pll_i|general[0].gpll~PLL_OUTPUT_COUNTER|divclk'
Slack : 0.609
TNS   : 0.000

Type  : Fast 1100mV 85C Model Minimum Pulse Width 'The_System|audio_subsystem|audio_pll|audio_pll|altera_pll_i|general[0].gpll~FRACTIONAL_PLL|vcoph[0]'
Slack : 0.689
TNS   : 0.000

Type  : Fast 1100mV 85C Model Minimum Pulse Width 'System_PLL|altera_pll_i|general[0].gpll~FRACTIONAL_PLL|vcoph[0]'
Slack : 1.000
TNS   : 0.000

Type  : Fast 1100mV 85C Model Minimum Pulse Width 'VGA_PLL|altera_pll_i|general[0].gpll~FRACTIONAL_PLL|vcoph[0]'
Slack : 1.666
TNS   : 0.000

Type  : Fast 1100mV 85C Model Minimum Pulse Width 'System_PLL|altera_pll_i|general[0].gpll~PLL_OUTPUT_COUNTER|divclk'
Slack : 3.880
TNS   : 0.000

Type  : Fast 1100mV 85C Model Minimum Pulse Width 'System_PLL|altera_pll_i|general[1].gpll~PLL_OUTPUT_COUNTER|divclk'
Slack : 4.908
TNS   : 0.000

Type  : Fast 1100mV 85C Model Minimum Pulse Width 'CLOCK2_50'
Slack : 9.336
TNS   : 0.000

Type  : Fast 1100mV 85C Model Minimum Pulse Width 'CLOCK3_50'
Slack : 9.336
TNS   : 0.000

Type  : Fast 1100mV 85C Model Minimum Pulse Width 'CLOCK_50'
Slack : 9.336
TNS   : 0.000

Type  : Fast 1100mV 85C Model Minimum Pulse Width 'altera_reserved_tck'
Slack : 15.363
TNS   : 0.000

Type  : Fast 1100mV 85C Model Minimum Pulse Width 'tv_27m'
Slack : 17.030
TNS   : 0.000

Type  : Fast 1100mV 85C Model Minimum Pulse Width 'VGA_PLL|altera_pll_i|general[0].gpll~PLL_OUTPUT_COUNTER|divclk'
Slack : 18.888
TNS   : 0.000

Type  : Fast 1100mV 0C Model Setup 'clk_vga'
Slack : -5.191
TNS   : -126.850

Type  : Fast 1100mV 0C Model Setup 'clk_dram'
Slack : 4.046
TNS   : 0.000

Type  : Fast 1100mV 0C Model Setup 'System_PLL|altera_pll_i|general[0].gpll~PLL_OUTPUT_COUNTER|divclk'
Slack : 4.126
TNS   : 0.000

Type  : Fast 1100mV 0C Model Setup 'altera_reserved_tck'
Slack : 13.590
TNS   : 0.000

Type  : Fast 1100mV 0C Model Setup 'tv_27m'
Slack : 31.773
TNS   : 0.000

Type  : Fast 1100mV 0C Model Setup 'VGA_PLL|altera_pll_i|general[0].gpll~PLL_OUTPUT_COUNTER|divclk'
Slack : 37.332
TNS   : 0.000

Type  : Fast 1100mV 0C Model Hold 'System_PLL|altera_pll_i|general[0].gpll~PLL_OUTPUT_COUNTER|divclk'
Slack : -0.020
TNS   : -0.400

Type  : Fast 1100mV 0C Model Hold 'altera_reserved_tck'
Slack : 0.092
TNS   : 0.000

Type  : Fast 1100mV 0C Model Hold 'VGA_PLL|altera_pll_i|general[0].gpll~PLL_OUTPUT_COUNTER|divclk'
Slack : 0.171
TNS   : 0.000

Type  : Fast 1100mV 0C Model Hold 'tv_27m'
Slack : 0.171
TNS   : 0.000

Type  : Fast 1100mV 0C Model Hold 'clk_vga'
Slack : 1.836
TNS   : 0.000

Type  : Fast 1100mV 0C Model Hold 'clk_dram'
Slack : 2.177
TNS   : 0.000

Type  : Fast 1100mV 0C Model Recovery 'System_PLL|altera_pll_i|general[0].gpll~PLL_OUTPUT_COUNTER|divclk'
Slack : 5.405
TNS   : 0.000

Type  : Fast 1100mV 0C Model Recovery 'altera_reserved_tck'
Slack : 15.523
TNS   : 0.000

Type  : Fast 1100mV 0C Model Removal 'altera_reserved_tck'
Slack : 0.321
TNS   : 0.000

Type  : Fast 1100mV 0C Model Removal 'System_PLL|altera_pll_i|general[0].gpll~PLL_OUTPUT_COUNTER|divclk'
Slack : 0.527
TNS   : 0.000

Type  : Fast 1100mV 0C Model Minimum Pulse Width 'The_System|audio_subsystem|audio_pll|audio_pll|altera_pll_i|general[0].gpll~FRACTIONAL_PLL|vcoph[0]'
Slack : 0.689
TNS   : 0.000

Type  : Fast 1100mV 0C Model Minimum Pulse Width 'System_PLL|altera_pll_i|general[0].gpll~FRACTIONAL_PLL|vcoph[0]'
Slack : 1.000
TNS   : 0.000

Type  : Fast 1100mV 0C Model Minimum Pulse Width 'VGA_PLL|altera_pll_i|general[0].gpll~FRACTIONAL_PLL|vcoph[0]'
Slack : 1.666
TNS   : 0.000

Type  : Fast 1100mV 0C Model Minimum Pulse Width 'System_PLL|altera_pll_i|general[0].gpll~PLL_OUTPUT_COUNTER|divclk'
Slack : 3.880
TNS   : 0.000

Type  : Fast 1100mV 0C Model Minimum Pulse Width 'System_PLL|altera_pll_i|general[1].gpll~PLL_OUTPUT_COUNTER|divclk'
Slack : 4.905
TNS   : 0.000

Type  : Fast 1100mV 0C Model Minimum Pulse Width 'CLOCK2_50'
Slack : 9.286
TNS   : 0.000

Type  : Fast 1100mV 0C Model Minimum Pulse Width 'CLOCK3_50'
Slack : 9.286
TNS   : 0.000

Type  : Fast 1100mV 0C Model Minimum Pulse Width 'CLOCK_50'
Slack : 9.286
TNS   : 0.000

Type  : Fast 1100mV 0C Model Minimum Pulse Width 'altera_reserved_tck'
Slack : 15.376
TNS   : 0.000

Type  : Fast 1100mV 0C Model Minimum Pulse Width 'tv_27m'
Slack : 16.983
TNS   : 0.000

Type  : Fast 1100mV 0C Model Minimum Pulse Width 'VGA_PLL|altera_pll_i|general[0].gpll~PLL_OUTPUT_COUNTER|divclk'
Slack : 18.889
TNS   : 0.000

------------------------------------------------------------
