------------------------------------------------------------
Timing Analyzer Summary
------------------------------------------------------------

Type  : Slow 1100mV 85C Model Setup 'clk_vga'
Slack : -8.943
TNS   : -219.724

Type  : Slow 1100mV 85C Model Setup 'System_PLL|altera_pll_i|general[0].gpll~PLL_OUTPUT_COUNTER|divclk'
Slack : -0.471
TNS   : -2.629

Type  : Slow 1100mV 85C Model Setup 'clk_dram'
Slack : 0.468
TNS   : 0.000

Type  : Slow 1100mV 85C Model Setup 'altera_reserved_tck'
Slack : 10.459
TNS   : 0.000

Type  : Slow 1100mV 85C Model Setup 'tv_27m'
Slack : 31.486
TNS   : 0.000

Type  : Slow 1100mV 85C Model Setup 'VGA_PLL|altera_pll_i|general[0].gpll~PLL_OUTPUT_COUNTER|divclk'
Slack : 35.236
TNS   : 0.000

Type  : Slow 1100mV 85C Model Hold 'System_PLL|altera_pll_i|general[0].gpll~PLL_OUTPUT_COUNTER|divclk'
Slack : -0.065
TNS   : -1.300

Type  : Slow 1100mV 85C Model Hold 'VGA_PLL|altera_pll_i|general[0].gpll~PLL_OUTPUT_COUNTER|divclk'
Slack : 0.344
TNS   : 0.000

Type  : Slow 1100mV 85C Model Hold 'altera_reserved_tck'
Slack : 0.354
TNS   : 0.000

Type  : Slow 1100mV 85C Model Hold 'tv_27m'
Slack : 0.366
TNS   : 0.000

Type  : Slow 1100mV 85C Model Hold 'clk_vga'
Slack : 4.421
TNS   : 0.000

Type  : Slow 1100mV 85C Model Hold 'clk_dram'
Slack : 4.423
TNS   : 0.000

Type  : Slow 1100mV 85C Model Recovery 'System_PLL|altera_pll_i|general[0].gpll~PLL_OUTPUT_COUNTER|divclk'
Slack : 1.241
TNS   : 0.000

Type  : Slow 1100mV 85C Model Recovery 'altera_reserved_tck'
Slack : 14.676
TNS   : 0.000

Type  : Slow 1100mV 85C Model Removal 'System_PLL|altera_pll_i|general[0].gpll~PLL_OUTPUT_COUNTER|divclk'
Slack : 0.549
TNS   : 0.000

Type  : Slow 1100mV 85C Model Removal 'altera_reserved_tck'
Slack : 0.793
TNS   : 0.000

Type  : Slow 1100mV 85C Model Minimum Pulse Width 'The_System|audio_subsystem|audio_pll|audio_pll|altera_pll_i|general[0].gpll~FRACTIONAL_PLL|vcoph[0]'
Slack : 0.689
TNS   : 0.000

Type  : Slow 1100mV 85C Model Minimum Pulse Width 'System_PLL|altera_pll_i|general[0].gpll~FRACTIONAL_PLL|vcoph[0]'
Slack : 1.000
TNS   : 0.000

Type  : Slow 1100mV 85C Model Minimum Pulse Width 'VGA_PLL|altera_pll_i|general[0].gpll~FRACTIONAL_PLL|vcoph[0]'
Slack : 1.666
TNS   : 0.000

Type  : Slow 1100mV 85C Model Minimum Pulse Width 'System_PLL|altera_pll_i|general[0].gpll~PLL_OUTPUT_COUNTER|divclk'
Slack : 3.759
TNS   : 0.000

Type  : Slow 1100mV 85C Model Minimum Pulse Width 'System_PLL|altera_pll_i|general[1].gpll~PLL_OUTPUT_COUNTER|divclk'
Slack : 4.835
TNS   : 0.000

Type  : Slow 1100mV 85C Model Minimum Pulse Width 'CLOCK2_50'
Slack : 9.670
TNS   : 0.000

Type  : Slow 1100mV 85C Model Minimum Pulse Width 'CLOCK3_50'
Slack : 9.670
TNS   : 0.000

Type  : Slow 1100mV 85C Model Minimum Pulse Width 'CLOCK_50'
Slack : 9.670
TNS   : 0.000

Type  : Slow 1100mV 85C Model Minimum Pulse Width 'altera_reserved_tck'
Slack : 15.427
TNS   : 0.000

Type  : Slow 1100mV 85C Model Minimum Pulse Width 'tv_27m'
Slack : 17.444
TNS   : 0.000

Type  : Slow 1100mV 85C Model Minimum Pulse Width 'VGA_PLL|altera_pll_i|general[0].gpll~PLL_OUTPUT_COUNTER|divclk'
Slack : 18.759
TNS   : 0.000

Type  : Slow 1100mV 0C Model Setup 'clk_vga'
Slack : -8.640
TNS   : -211.734

Type  : Slow 1100mV 0C Model Setup 'System_PLL|altera_pll_i|general[0].gpll~PLL_OUTPUT_COUNTER|divclk'
Slack : -0.399
TNS   : -2.297

Type  : Slow 1100mV 0C Model Setup 'clk_dram'
Slack : 0.711
TNS   : 0.000

Type  : Slow 1100mV 0C Model Setup 'altera_reserved_tck'
Slack : 10.563
TNS   : 0.000

Type  : Slow 1100mV 0C Model Setup 'tv_27m'
Slack : 31.938
TNS   : 0.000

Type  : Slow 1100mV 0C Model Setup 'VGA_PLL|altera_pll_i|general[0].gpll~PLL_OUTPUT_COUNTER|divclk'
Slack : 35.029
TNS   : 0.000

Type  : Slow 1100mV 0C Model Hold 'System_PLL|altera_pll_i|general[0].gpll~PLL_OUTPUT_COUNTER|divclk'
Slack : -0.214
TNS   : -3.931

Type  : Slow 1100mV 0C Model Hold 'tv_27m'
Slack : 0.293
TNS   : 0.000

Type  : Slow 1100mV 0C Model Hold 'VGA_PLL|altera_pll_i|general[0].gpll~PLL_OUTPUT_COUNTER|divclk'
Slack : 0.321
TNS   : 0.000

Type  : Slow 1100mV 0C Model Hold 'altera_reserved_tck'
Slack : 0.339
TNS   : 0.000

Type  : Slow 1100mV 0C Model Hold 'clk_vga'
Slack : 4.219
TNS   : 0.000

Type  : Slow 1100mV 0C Model Hold 'clk_dram'
Slack : 4.266
TNS   : 0.000

Type  : Slow 1100mV 0C Model Recovery 'System_PLL|altera_pll_i|general[0].gpll~PLL_OUTPUT_COUNTER|divclk'
Slack : 1.493
TNS   : 0.000

Type  : Slow 1100mV 0C Model Recovery 'altera_reserved_tck'
Slack : 14.776
TNS   : 0.000

Type  : Slow 1100mV 0C Model Removal 'System_PLL|altera_pll_i|general[0].gpll~PLL_OUTPUT_COUNTER|divclk'
Slack : 0.509
TNS   : 0.000

Type  : Slow 1100mV 0C Model Removal 'altera_reserved_tck'
Slack : 0.750
TNS   : 0.000

Type  : Slow 1100mV 0C Model Minimum Pulse Width 'The_System|audio_subsystem|audio_pll|audio_pll|altera_pll_i|general[0].gpll~FRACTIONAL_PLL|vcoph[0]'
Slack : 0.689
TNS   : 0.000

Type  : Slow 1100mV 0C Model Minimum Pulse Width 'System_PLL|altera_pll_i|general[0].gpll~FRACTIONAL_PLL|vcoph[0]'
Slack : 1.000
TNS   : 0.000

Type  : Slow 1100mV 0C Model Minimum Pulse Width 'VGA_PLL|altera_pll_i|general[0].gpll~FRACTIONAL_PLL|vcoph[0]'
Slack : 1.666
TNS   : 0.000

Type  : Slow 1100mV 0C Model Minimum Pulse Width 'System_PLL|altera_pll_i|general[0].gpll~PLL_OUTPUT_COUNTER|divclk'
Slack : 3.735
TNS   : 0.000

Type  : Slow 1100mV 0C Model Minimum Pulse Width 'System_PLL|altera_pll_i|general[1].gpll~PLL_OUTPUT_COUNTER|divclk'
Slack : 4.813
TNS   : 0.000

Type  : Slow 1100mV 0C Model Minimum Pulse Width 'CLOCK2_50'
Slack : 9.673
TNS   : 0.000

Type  : Slow 1100mV 0C Model Minimum Pulse Width 'CLOCK3_50'
Slack : 9.673
TNS   : 0.000

Type  : Slow 1100mV 0C Model Minimum Pulse Width 'CLOCK_50'
Slack : 9.673
TNS   : 0.000

Type  : Slow 1100mV 0C Model Minimum Pulse Width 'altera_reserved_tck'
Slack : 15.424
TNS   : 0.000

Type  : Slow 1100mV 0C Model Minimum Pulse Width 'tv_27m'
Slack : 17.475
TNS   : 0.000

Type  : Slow 1100mV 0C Model Minimum Pulse Width 'VGA_PLL|altera_pll_i|general[0].gpll~PLL_OUTPUT_COUNTER|divclk'
Slack : 18.734
TNS   : 0.000

Type  : Fast 1100mV 85C Model Setup 'clk_vga'
Slack : -5.499
TNS   : -135.125

Type  : Fast 1100mV 85C Model Setup 'clk_dram'
Slack : 3.745
TNS   : 0.000

Type  : Fast 1100mV 85C Model Setup 'System_PLL|altera_pll_i|general[0].gpll~PLL_OUTPUT_COUNTER|divclk'
Slack : 3.806
TNS   : 0.000

Type  : Fast 1100mV 85C Model Setup 'altera_reserved_tck'
Slack : 13.246
TNS   : 0.000

Type  : Fast 1100mV 85C Model Setup 'tv_27m'
Slack : 31.287
TNS   : 0.000

Type  : Fast 1100mV 85C Model Setup 'VGA_PLL|altera_pll_i|general[0].gpll~PLL_OUTPUT_COUNTER|divclk'
Slack : 36.712
TNS   : 0.000

Type  : Fast 1100mV 85C Model Hold 'System_PLL|altera_pll_i|general[0].gpll~PLL_OUTPUT_COUNTER|divclk'
Slack : -0.005
TNS   : -0.100

Type  : Fast 1100mV 85C Model Hold 'altera_reserved_tck'
Slack : 0.144
TNS   : 0.000

Type  : Fast 1100mV 85C Model Hold 'VGA_PLL|altera_pll_i|general[0].gpll~PLL_OUTPUT_COUNTER|divclk'
Slack : 0.180
TNS   : 0.000

Type  : Fast 1100mV 85C Model Hold 'tv_27m'
Slack : 0.182
TNS   : 0.000

Type  : Fast 1100mV 85C Model Hold 'clk_vga'
Slack : 2.119
TNS   : 0.000

Type  : Fast 1100mV 85C Model Hold 'clk_dram'
Slack : 2.431
TNS   : 0.000

Type  : Fast 1100mV 85C Model Recovery 'System_PLL|altera_pll_i|general[0].gpll~PLL_OUTPUT_COUNTER|divclk'
Slack : 4.896
TNS   : 0.000

Type  : Fast 1100mV 85C Model Recovery 'altera_reserved_tck'
Slack : 15.820
TNS   : 0.000

Type  : Fast 1100mV 85C Model Removal 'System_PLL|altera_pll_i|general[0].gpll~PLL_OUTPUT_COUNTER|divclk'
Slack : 0.286
TNS   : 0.000

Type  : Fast 1100mV 85C Model Removal 'altera_reserved_tck'
Slack : 0.379
TNS   : 0.000

Type  : Fast 1100mV 85C Model Minimum Pulse Width 'The_System|audio_subsystem|audio_pll|audio_pll|altera_pll_i|general[0].gpll~FRACTIONAL_PLL|vcoph[0]'
Slack : 0.689
TNS   : 0.000

Type  : Fast 1100mV 85C Model Minimum Pulse Width 'System_PLL|altera_pll_i|general[0].gpll~FRACTIONAL_PLL|vcoph[0]'
Slack : 1.000
TNS   : 0.000

Type  : Fast 1100mV 85C Model Minimum Pulse Width 'VGA_PLL|altera_pll_i|general[0].gpll~FRACTIONAL_PLL|vcoph[0]'
Slack : 1.666
TNS   : 0.000

Type  : Fast 1100mV 85C Model Minimum Pulse Width 'System_PLL|altera_pll_i|general[0].gpll~PLL_OUTPUT_COUNTER|divclk'
Slack : 3.880
TNS   : 0.000

Type  : Fast 1100mV 85C Model Minimum Pulse Width 'System_PLL|altera_pll_i|general[1].gpll~PLL_OUTPUT_COUNTER|divclk'
Slack : 4.909
TNS   : 0.000

Type  : Fast 1100mV 85C Model Minimum Pulse Width 'CLOCK2_50'
Slack : 9.336
TNS   : 0.000

Type  : Fast 1100mV 85C Model Minimum Pulse Width 'CLOCK3_50'
Slack : 9.336
TNS   : 0.000

Type  : Fast 1100mV 85C Model Minimum Pulse Width 'CLOCK_50'
Slack : 9.336
TNS   : 0.000

Type  : Fast 1100mV 85C Model Minimum Pulse Width 'altera_reserved_tck'
Slack : 15.343
TNS   : 0.000

Type  : Fast 1100mV 85C Model Minimum Pulse Width 'tv_27m'
Slack : 17.028
TNS   : 0.000

Type  : Fast 1100mV 85C Model Minimum Pulse Width 'VGA_PLL|altera_pll_i|general[0].gpll~PLL_OUTPUT_COUNTER|divclk'
Slack : 18.882
TNS   : 0.000

Type  : Fast 1100mV 0C Model Setup 'clk_vga'
Slack : -5.191
TNS   : -126.850

Type  : Fast 1100mV 0C Model Setup 'clk_dram'
Slack : 4.046
TNS   : 0.000

Type  : Fast 1100mV 0C Model Setup 'System_PLL|altera_pll_i|general[0].gpll~PLL_OUTPUT_COUNTER|divclk'
Slack : 4.229
TNS   : 0.000

Type  : Fast 1100mV 0C Model Setup 'altera_reserved_tck'
Slack : 13.670
TNS   : 0.000

Type  : Fast 1100mV 0C Model Setup 'tv_27m'
Slack : 31.773
TNS   : 0.000

Type  : Fast 1100mV 0C Model Setup 'VGA_PLL|altera_pll_i|general[0].gpll~PLL_OUTPUT_COUNTER|divclk'
Slack : 37.129
TNS   : 0.000

Type  : Fast 1100mV 0C Model Hold 'System_PLL|altera_pll_i|general[0].gpll~PLL_OUTPUT_COUNTER|divclk'
Slack : -0.021
TNS   : -0.420

Type  : Fast 1100mV 0C Model Hold 'altera_reserved_tck'
Slack : 0.117
TNS   : 0.000

Type  : Fast 1100mV 0C Model Hold 'VGA_PLL|altera_pll_i|general[0].gpll~PLL_OUTPUT_COUNTER|divclk'
Slack : 0.170
TNS   : 0.000

Type  : Fast 1100mV 0C Model Hold 'tv_27m'
Slack : 0.172
TNS   : 0.000

Type  : Fast 1100mV 0C Model Hold 'clk_vga'
Slack : 1.834
TNS   : 0.000

Type  : Fast 1100mV 0C Model Hold 'clk_dram'
Slack : 2.177
TNS   : 0.000

Type  : Fast 1100mV 0C Model Recovery 'System_PLL|altera_pll_i|general[0].gpll~PLL_OUTPUT_COUNTER|divclk'
Slack : 5.159
TNS   : 0.000

Type  : Fast 1100mV 0C Model Recovery 'altera_reserved_tck'
Slack : 16.017
TNS   : 0.000

Type  : Fast 1100mV 0C Model Removal 'System_PLL|altera_pll_i|general[0].gpll~PLL_OUTPUT_COUNTER|divclk'
Slack : 0.260
TNS   : 0.000

Type  : Fast 1100mV 0C Model Removal 'altera_reserved_tck'
Slack : 0.323
TNS   : 0.000

Type  : Fast 1100mV 0C Model Minimum Pulse Width 'The_System|audio_subsystem|audio_pll|audio_pll|altera_pll_i|general[0].gpll~FRACTIONAL_PLL|vcoph[0]'
Slack : 0.689
TNS   : 0.000

Type  : Fast 1100mV 0C Model Minimum Pulse Width 'System_PLL|altera_pll_i|general[0].gpll~FRACTIONAL_PLL|vcoph[0]'
Slack : 1.000
TNS   : 0.000

Type  : Fast 1100mV 0C Model Minimum Pulse Width 'VGA_PLL|altera_pll_i|general[0].gpll~FRACTIONAL_PLL|vcoph[0]'
Slack : 1.666
TNS   : 0.000

Type  : Fast 1100mV 0C Model Minimum Pulse Width 'System_PLL|altera_pll_i|general[0].gpll~PLL_OUTPUT_COUNTER|divclk'
Slack : 3.880
TNS   : 0.000

Type  : Fast 1100mV 0C Model Minimum Pulse Width 'System_PLL|altera_pll_i|general[1].gpll~PLL_OUTPUT_COUNTER|divclk'
Slack : 4.906
TNS   : 0.000

Type  : Fast 1100mV 0C Model Minimum Pulse Width 'CLOCK2_50'
Slack : 9.286
TNS   : 0.000

Type  : Fast 1100mV 0C Model Minimum Pulse Width 'CLOCK3_50'
Slack : 9.286
TNS   : 0.000

Type  : Fast 1100mV 0C Model Minimum Pulse Width 'CLOCK_50'
Slack : 9.286
TNS   : 0.000

Type  : Fast 1100mV 0C Model Minimum Pulse Width 'altera_reserved_tck'
Slack : 15.352
TNS   : 0.000

Type  : Fast 1100mV 0C Model Minimum Pulse Width 'tv_27m'
Slack : 16.979
TNS   : 0.000

Type  : Fast 1100mV 0C Model Minimum Pulse Width 'VGA_PLL|altera_pll_i|general[0].gpll~PLL_OUTPUT_COUNTER|divclk'
Slack : 18.882
TNS   : 0.000

------------------------------------------------------------
